Radek
dodane
dośdane
